[2025-09-10 20:02:51] [INFO] Initializing configuration...
[2025-09-10 20:02:51] [INFO] Using default configuration
[2025-09-10 20:02:51] [INFO] Validating environment...
[2025-09-10 20:02:51] [ERROR] Terminal size too small. Minimum: 80x24, Current: 153x13
[2025-09-10 20:02:51] [ERROR] Environment validation failed with 1 errors
[2025-09-10 20:02:51] [ERROR] Configuration initialization failed
[2025-09-10 20:03:00] [INFO] Initializing configuration...
[2025-09-10 20:03:00] [INFO] Using default configuration
[2025-09-10 20:03:00] [INFO] Validating environment...
[2025-09-10 20:03:00] [ERROR] Terminal size too small. Minimum: 60x15, Current: 153x13
[2025-09-10 20:03:00] [ERROR] Environment validation failed with 1 errors
[2025-09-10 20:03:00] [ERROR] Configuration initialization failed
[2025-09-10 20:03:26] [INFO] Initializing configuration...
[2025-09-10 20:03:26] [INFO] Using default configuration
[2025-09-10 20:03:26] [INFO] Validating environment...
[2025-09-10 20:03:26] [INFO] Environment validation successful
[2025-09-10 20:03:26] [INFO] Configuration initialized successfully
[2025-09-10 20:03:26] [INFO] This is an info message
[2025-09-10 20:03:26] [WARN] This is a warning message
[2025-09-10 20:03:26] [ERROR] This is an error message
[2025-09-10 20:03:26] [INFO] User profile set to: common
[2025-09-10 20:03:26] [INFO] Validating environment...
[2025-09-10 20:03:26] [INFO] Environment validation successful
[2025-09-10 23:08:38] [INFO] Initializing configuration...
[2025-09-10 23:08:38] [INFO] Using default configuration
[2025-09-10 23:08:38] [INFO] Validating environment...
[2025-09-10 23:08:38] [INFO] Environment validation successful
[2025-09-10 23:08:38] [INFO] Configuration initialized successfully
[2025-09-10 23:08:44] [INFO] Initializing configuration...
[2025-09-10 23:08:44] [INFO] Using default configuration
[2025-09-10 23:08:44] [INFO] Validating environment...
[2025-09-10 23:08:44] [INFO] Environment validation successful
[2025-09-10 23:08:44] [INFO] Configuration initialized successfully
[2025-09-10 23:08:44] [INFO] Executing profile: power
[2025-09-10 23:08:57] [INFO] Initializing configuration...
[2025-09-10 23:08:57] [INFO] Using default configuration
[2025-09-10 23:08:57] [INFO] Validating environment...
[2025-09-10 23:08:57] [INFO] Environment validation successful
[2025-09-10 23:08:57] [INFO] Configuration initialized successfully
[2025-09-10 23:09:08] [INFO] Initializing configuration...
[2025-09-10 23:09:08] [INFO] Using default configuration
[2025-09-10 23:09:08] [INFO] Validating environment...
[2025-09-10 23:09:08] [INFO] Environment validation successful
[2025-09-10 23:09:08] [INFO] Configuration initialized successfully
[2025-09-10 23:09:08] [INFO] Executing profile: power
[2025-09-10 23:09:08] [INFO] Starting Power User Profile
[2025-09-10 23:09:13] [INFO] Initializing configuration...
[2025-09-10 23:09:13] [INFO] Using default configuration
[2025-09-10 23:09:13] [INFO] Validating environment...
[2025-09-10 23:09:13] [INFO] Environment validation successful
[2025-09-10 23:09:13] [INFO] Configuration initialized successfully
[2025-09-10 23:09:13] [INFO] Initializing configuration...
[2025-09-10 23:09:13] [INFO] Using default configuration
[2025-09-10 23:09:13] [INFO] Validating environment...
[2025-09-10 23:09:13] [INFO] Environment validation successful
[2025-09-10 23:09:13] [INFO] Configuration initialized successfully
[2025-09-10 23:09:13] [INFO] Executing profile: power
[2025-09-10 23:09:13] [INFO] Starting Power User Profile
[2025-09-10 23:12:34] [INFO] Initializing configuration...
[2025-09-10 23:12:34] [INFO] Using default configuration
[2025-09-10 23:12:34] [INFO] Validating environment...
[2025-09-10 23:12:34] [INFO] Environment validation successful
[2025-09-10 23:12:34] [INFO] Configuration initialized successfully
[2025-09-10 23:12:34] [INFO] Loading package metadata from /home/coffee/linux-helper-script-main/linux-helper-script/data/metadata/packages.yaml
[2025-09-10 23:12:34] [INFO] Package metadata loaded successfully
[2025-09-10 23:12:34] [INFO] Testing data loader functionality...
[2025-09-10 23:13:24] [INFO] Initializing configuration...
[2025-09-10 23:13:24] [INFO] Using default configuration
[2025-09-10 23:13:24] [INFO] Validating environment...
[2025-09-10 23:13:24] [INFO] Environment validation successful
[2025-09-10 23:13:24] [INFO] Configuration initialized successfully
[2025-09-10 23:13:24] [INFO] Loading package metadata from /home/coffee/linux-helper-script-main/linux-helper-script/data/metadata/packages.yaml
[2025-09-10 23:13:24] [INFO] Package metadata loaded successfully
[2025-09-10 23:13:24] [INFO] Testing data loader functionality...
[2025-09-10 23:13:40] [INFO] Initializing configuration...
[2025-09-10 23:13:40] [INFO] Using default configuration
[2025-09-10 23:13:40] [INFO] Validating environment...
[2025-09-10 23:13:40] [INFO] Environment validation successful
[2025-09-10 23:13:40] [INFO] Configuration initialized successfully
[2025-09-10 23:13:40] [INFO] Initializing configuration...
[2025-09-10 23:13:40] [INFO] Using default configuration
[2025-09-10 23:13:40] [INFO] Validating environment...
[2025-09-10 23:13:40] [INFO] Environment validation successful
[2025-09-10 23:13:40] [INFO] Configuration initialized successfully
[2025-09-10 23:13:40] [INFO] Executing profile: power
[2025-09-10 23:13:40] [INFO] Starting Power User Profile
[2025-09-10 23:13:40] [INFO] Loading package metadata from /home/coffee/linux-helper-script-main/linux-helper-script/data/metadata/packages.yaml
[2025-09-10 23:13:40] [INFO] Package metadata loaded successfully
[2025-09-10 23:16:48] [INFO] Initializing configuration...
[2025-09-10 23:16:48] [INFO] Using default configuration
[2025-09-10 23:16:48] [INFO] Validating environment...
[2025-09-10 23:16:48] [INFO] Environment validation successful
[2025-09-10 23:16:48] [INFO] Configuration initialized successfully
[2025-09-10 23:16:48] [INFO] Initializing configuration...
[2025-09-10 23:16:48] [INFO] Using default configuration
[2025-09-10 23:16:48] [INFO] Validating environment...
[2025-09-10 23:16:48] [INFO] Environment validation successful
[2025-09-10 23:16:48] [INFO] Configuration initialized successfully
[2025-09-10 23:16:48] [INFO] Executing profile: power
[2025-09-10 23:16:48] [INFO] Starting Power User Profile
[2025-09-10 23:16:48] [INFO] Loading package metadata from /home/coffee/linux-helper-script-main/linux-helper-script/data/metadata/packages.yaml
[2025-09-10 23:16:48] [INFO] Package metadata loaded successfully
[2025-09-10 23:17:11] [INFO] Initializing configuration...
[2025-09-10 23:17:11] [INFO] Using default configuration
[2025-09-10 23:17:11] [INFO] Validating environment...
[2025-09-10 23:17:11] [INFO] Environment validation successful
[2025-09-10 23:17:11] [INFO] Configuration initialized successfully
[2025-09-10 23:17:11] [INFO] Executing profile: power
[2025-09-10 23:17:11] [INFO] Starting Power User Profile
[2025-09-10 23:17:11] [INFO] Loading package metadata from /home/coffee/linux-helper-script-main/linux-helper-script/data/metadata/packages.yaml
[2025-09-10 23:17:11] [INFO] Package metadata loaded successfully
[2025-09-10 23:18:57] [INFO] Initializing configuration...
[2025-09-10 23:18:57] [INFO] Using default configuration
[2025-09-10 23:18:57] [INFO] Validating environment...
[2025-09-10 23:18:57] [INFO] Environment validation successful
[2025-09-10 23:18:57] [INFO] Configuration initialized successfully
[2025-09-10 23:18:59] [INFO] Initializing configuration...
[2025-09-10 23:18:59] [INFO] Using default configuration
[2025-09-10 23:18:59] [INFO] Validating environment...
[2025-09-10 23:18:59] [INFO] Environment validation successful
[2025-09-10 23:18:59] [INFO] Configuration initialized successfully
[2025-09-10 23:18:59] [INFO] Executing profile: power
[2025-09-10 23:18:59] [INFO] Starting Power User Profile
[2025-09-10 23:18:59] [INFO] Loading package metadata from /home/coffee/linux-helper-script-main/linux-helper-script/data/metadata/packages.yaml
[2025-09-10 23:18:59] [INFO] Package metadata loaded successfully
[2025-09-10 23:25:41] [INFO] Initializing configuration...
[2025-09-10 23:25:41] [INFO] Using default configuration
[2025-09-10 23:25:41] [INFO] Validating environment...
[2025-09-10 23:25:41] [INFO] Environment validation successful
[2025-09-10 23:25:41] [INFO] Configuration initialized successfully
[2025-09-10 23:25:41] [INFO] Loading package metadata from /home/coffee/linux-helper-script-main/linux-helper-script/data/metadata/packages.yaml
[2025-09-10 23:25:41] [INFO] Package metadata loaded successfully
[2025-09-10 23:25:54] [INFO] Initializing configuration...
[2025-09-10 23:25:54] [INFO] Using default configuration
[2025-09-10 23:25:54] [INFO] Validating environment...
[2025-09-10 23:25:54] [INFO] Environment validation successful
[2025-09-10 23:25:54] [INFO] Configuration initialized successfully
[2025-09-10 23:25:54] [INFO] Initializing configuration...
[2025-09-10 23:25:54] [INFO] Using default configuration
[2025-09-10 23:25:54] [INFO] Validating environment...
[2025-09-10 23:25:54] [INFO] Environment validation successful
[2025-09-10 23:25:54] [INFO] Configuration initialized successfully
[2025-09-10 23:25:54] [INFO] Executing profile: power
[2025-09-10 23:25:54] [INFO] Starting Power User Profile
[2025-09-10 23:25:54] [INFO] Loading package metadata from /home/coffee/linux-helper-script-main/linux-helper-script/data/metadata/packages.yaml
[2025-09-10 23:25:54] [INFO] Package metadata loaded successfully
[2025-09-10 23:27:25] [INFO] Initializing configuration...
[2025-09-10 23:27:25] [INFO] Using default configuration
[2025-09-10 23:27:25] [INFO] Validating environment...
[2025-09-10 23:27:25] [INFO] Environment validation successful
[2025-09-10 23:27:25] [INFO] Configuration initialized successfully
[2025-09-10 23:27:28] [INFO] Initializing configuration...
[2025-09-10 23:27:28] [INFO] Using default configuration
[2025-09-10 23:27:28] [INFO] Validating environment...
[2025-09-10 23:27:28] [INFO] Environment validation successful
[2025-09-10 23:27:28] [INFO] Configuration initialized successfully
[2025-09-10 23:27:28] [INFO] Executing profile: power
[2025-09-10 23:27:28] [INFO] Starting Power User Profile
[2025-09-10 23:27:28] [INFO] Loading package metadata from /home/coffee/linux-helper-script-main/linux-helper-script/data/metadata/packages.yaml
[2025-09-10 23:27:28] [INFO] Package metadata loaded successfully
[2025-09-10 23:28:48] [INFO] Initializing configuration...
[2025-09-10 23:28:48] [INFO] Using default configuration
[2025-09-10 23:28:48] [INFO] Validating environment...
[2025-09-10 23:28:48] [INFO] Environment validation successful
[2025-09-10 23:28:48] [INFO] Configuration initialized successfully
[2025-09-10 23:28:50] [INFO] Initializing configuration...
[2025-09-10 23:28:50] [INFO] Using default configuration
[2025-09-10 23:28:50] [INFO] Validating environment...
[2025-09-10 23:28:50] [INFO] Environment validation successful
[2025-09-10 23:28:50] [INFO] Configuration initialized successfully
[2025-09-10 23:28:50] [INFO] Executing profile: power
[2025-09-10 23:28:50] [INFO] Starting Power User Profile
[2025-09-10 23:28:50] [INFO] Loading package metadata from /home/coffee/linux-helper-script-main/linux-helper-script/data/metadata/packages.yaml
[2025-09-10 23:28:50] [INFO] Package metadata loaded successfully
[2025-09-10 23:33:44] [INFO] Initializing configuration...
[2025-09-10 23:33:44] [INFO] Using default configuration
[2025-09-10 23:33:44] [INFO] Validating environment...
[2025-09-10 23:33:44] [INFO] Environment validation successful
[2025-09-10 23:33:44] [INFO] Configuration initialized successfully
[2025-09-10 23:33:46] [INFO] Initializing configuration...
[2025-09-10 23:33:46] [INFO] Using default configuration
[2025-09-10 23:33:46] [INFO] Validating environment...
[2025-09-10 23:33:46] [INFO] Environment validation successful
[2025-09-10 23:33:46] [INFO] Configuration initialized successfully
[2025-09-10 23:33:46] [INFO] Executing profile: power
[2025-09-10 23:33:46] [INFO] Starting Power User Profile
[2025-09-10 23:33:46] [INFO] Loading package metadata from /home/coffee/linux-helper-script-main/linux-helper-script/data/metadata/packages.yaml
[2025-09-10 23:33:46] [INFO] Package metadata loaded successfully
[2025-09-10 23:36:37] [INFO] Initializing configuration...
[2025-09-10 23:36:37] [INFO] Using default configuration
[2025-09-10 23:36:37] [INFO] Validating environment...
[2025-09-10 23:36:37] [INFO] Environment validation successful
[2025-09-10 23:36:37] [INFO] Configuration initialized successfully
[2025-09-10 23:36:37] [INFO] Initializing configuration...
[2025-09-10 23:36:37] [INFO] Using default configuration
[2025-09-10 23:36:37] [INFO] Validating environment...
[2025-09-10 23:36:37] [INFO] Environment validation successful
[2025-09-10 23:36:37] [INFO] Configuration initialized successfully
[2025-09-10 23:36:37] [INFO] Executing profile: power
[2025-09-10 23:36:37] [INFO] Starting Power User Profile
[2025-09-10 23:36:37] [INFO] Loading package metadata from /home/coffee/linux-helper-script-main/linux-helper-script/data/metadata/packages.yaml
[2025-09-10 23:36:38] [INFO] Package metadata loaded successfully
[2025-09-10 23:36:59] [INFO] Initializing configuration...
[2025-09-10 23:36:59] [INFO] Using default configuration
[2025-09-10 23:36:59] [INFO] Validating environment...
[2025-09-10 23:36:59] [INFO] Environment validation successful
[2025-09-10 23:36:59] [INFO] Configuration initialized successfully
[2025-09-10 23:36:59] [INFO] Loading package metadata from /home/coffee/linux-helper-script-main/linux-helper-script/data/metadata/packages.yaml
[2025-09-10 23:36:59] [INFO] Package metadata loaded successfully
[2025-09-10 23:43:10] [INFO] Initializing configuration...
[2025-09-10 23:43:10] [INFO] Using default configuration
[2025-09-10 23:43:10] [INFO] Validating environment...
[2025-09-10 23:43:10] [INFO] Environment validation successful
[2025-09-10 23:43:10] [INFO] Configuration initialized successfully
[2025-09-10 23:44:18] [INFO] Initializing configuration...
[2025-09-10 23:44:18] [INFO] Using default configuration
[2025-09-10 23:44:18] [INFO] Validating environment...
[2025-09-10 23:44:18] [INFO] Environment validation successful
[2025-09-10 23:44:18] [INFO] Configuration initialized successfully
[2025-09-10 23:44:18] [INFO] Loading package metadata from /home/coffee/linux-helper-script-main/linux-helper-script/data/metadata/packages.yaml
[2025-09-10 23:44:18] [INFO] Package metadata loaded successfully
[2025-09-10 23:44:25] [INFO] Initializing configuration...
[2025-09-10 23:44:25] [INFO] Using default configuration
[2025-09-10 23:44:25] [INFO] Validating environment...
[2025-09-10 23:44:25] [INFO] Environment validation successful
[2025-09-10 23:44:25] [INFO] Configuration initialized successfully
[2025-09-10 23:44:25] [INFO] Initializing configuration...
[2025-09-10 23:44:25] [INFO] Using default configuration
[2025-09-10 23:44:25] [INFO] Validating environment...
[2025-09-10 23:44:25] [INFO] Environment validation successful
[2025-09-10 23:44:25] [INFO] Configuration initialized successfully
[2025-09-10 23:44:25] [INFO] Executing profile: power
[2025-09-10 23:44:25] [INFO] Starting Power User Profile
[2025-09-10 23:44:25] [INFO] Loading package metadata from /home/coffee/linux-helper-script-main/linux-helper-script/data/metadata/packages.yaml
[2025-09-10 23:44:25] [INFO] Package metadata loaded successfully
[2025-09-10 23:46:16] [INFO] Initializing configuration...
[2025-09-10 23:46:16] [INFO] Using default configuration
[2025-09-10 23:46:16] [INFO] Validating environment...
[2025-09-10 23:46:16] [INFO] Environment validation successful
[2025-09-10 23:46:16] [INFO] Configuration initialized successfully
[2025-09-10 23:46:18] [INFO] Initializing configuration...
[2025-09-10 23:46:18] [INFO] Using default configuration
[2025-09-10 23:46:18] [INFO] Validating environment...
[2025-09-10 23:46:18] [INFO] Environment validation successful
[2025-09-10 23:46:18] [INFO] Configuration initialized successfully
[2025-09-10 23:46:18] [INFO] Executing profile: power
[2025-09-10 23:46:18] [INFO] Starting Power User Profile
[2025-09-10 23:46:18] [INFO] Loading package metadata from /home/coffee/linux-helper-script-main/linux-helper-script/data/metadata/packages.yaml
[2025-09-10 23:46:18] [INFO] Package metadata loaded successfully
[2025-09-11 00:19:35] [INFO] Testing package manager functionality...
[2025-09-11 00:19:35] [INFO] Using AUR helper: paru
[2025-09-11 00:19:41] [INFO] Starting Power User Profile
[2025-09-11 00:19:41] [INFO] Loading package metadata from /home/coffee/linux-helper-script-main/linux-helper-script/data/metadata/packages.yaml
[2025-09-11 00:19:41] [INFO] Package metadata loaded successfully
[2025-09-11 00:19:48] [INFO] Using AUR helper: paru
[2025-09-11 00:19:48] [INFO] Installing multiple packages...
[2025-09-11 00:19:48] [ERROR] Package [0;36mContinue browsing other categories? (y/N): [0m not found in pacman or AUR
[2025-09-11 00:19:49] [ERROR] Package [H[2J[3J not found in pacman or AUR
[2025-09-11 00:19:49] [ERROR] Package [0;34m═══════════════════════════════════════════════════════════════[0m not found in pacman or AUR
[2025-09-11 00:19:50] [ERROR] Package [0;34m  Select Packages[0m not found in pacman or AUR
[2025-09-11 00:19:50] [ERROR] Package [0;34m═══════════════════════════════════════════════════════════════[0m not found in pacman or AUR
[2025-09-11 00:19:51] [ERROR] Package [0;36mChoose packages from: [H[2J[3J not found in pacman or AUR
[2025-09-11 00:19:51] [ERROR] Package [0;34m═══════════════════════════════════════════════════════════════[0m not found in pacman or AUR
[2025-09-11 00:19:51] [ERROR] Package [0;34m  Select Category[0m not found in pacman or AUR
[2025-09-11 00:19:52] [ERROR] Package [0;34m═══════════════════════════════════════════════════════════════[0m not found in pacman or AUR
[2025-09-11 00:19:52] [ERROR] Package [0;36mChoose A Category To Browse Packages[0m not found in pacman or AUR
[2025-09-11 00:19:53] [ERROR] Package Media Players[0m not found in pacman or AUR
[2025-09-11 00:19:53] [ERROR] Package [0;31m❌ No packages found for category: [H[2J[3J not found in pacman or AUR
[2025-09-11 00:19:54] [ERROR] Package [0;34m═══════════════════════════════════════════════════════════════[0m not found in pacman or AUR
[2025-09-11 00:19:54] [ERROR] Package [0;34m  Select Category[0m not found in pacman or AUR
[2025-09-11 00:19:55] [ERROR] Package [0;34m═══════════════════════════════════════════════════════════════[0m not found in pacman or AUR
[2025-09-11 00:19:55] [ERROR] Package [0;36mChoose a category to browse packages[0m not found in pacman or AUR
[2025-09-11 00:19:56] [ERROR] Package media-players[0m not found in pacman or AUR
[2025-09-11 00:20:57] [INFO] Initializing configuration...
[2025-09-11 00:20:57] [INFO] Using default configuration
[2025-09-11 00:20:57] [INFO] Validating environment...
[2025-09-11 00:20:57] [INFO] Environment validation successful
[2025-09-11 00:20:57] [INFO] Configuration initialized successfully
[2025-09-11 00:20:57] [INFO] Loading package metadata from /home/coffee/linux-helper-script-main/linux-helper-script/data/metadata/packages.yaml
[2025-09-11 00:20:57] [INFO] Package metadata loaded successfully
[2025-09-11 00:20:57] [INFO] Using AUR helper: paru
[2025-09-11 00:34:28] [INFO] Starting Power User Profile
[2025-09-11 00:34:28] [INFO] Loading package metadata from /home/coffee/linux-helper-script-main/linux-helper-script/data/metadata/packages.yaml
[2025-09-11 00:34:28] [INFO] Package metadata loaded successfully
[2025-09-11 17:39:07] [INFO] Initializing configuration...
[2025-09-11 17:39:07] [INFO] Using default configuration
[2025-09-11 17:39:07] [INFO] Validating environment...
[2025-09-11 17:39:07] [INFO] Environment validation successful
[2025-09-11 17:39:07] [INFO] Configuration initialized successfully
[2025-09-11 17:39:12] [INFO] Initializing configuration...
[2025-09-11 17:39:12] [INFO] Using default configuration
[2025-09-11 17:39:12] [INFO] Validating environment...
[2025-09-11 17:39:12] [INFO] Environment validation successful
[2025-09-11 17:39:12] [INFO] Configuration initialized successfully
[2025-09-11 17:39:12] [INFO] Executing profile: power
[2025-09-11 17:39:12] [INFO] Starting Power User Profile
[2025-09-11 17:39:12] [INFO] Loading package metadata from /home/coffee/linux-helper-script-main/linux-helper-script/data/metadata/packages.yaml
[2025-09-11 17:39:12] [INFO] Package metadata loaded successfully
[2025-09-11 17:39:37] [INFO] Initializing configuration...
[2025-09-11 17:39:37] [INFO] Using default configuration
[2025-09-11 17:39:37] [INFO] Validating environment...
[2025-09-11 17:39:37] [INFO] Environment validation successful
[2025-09-11 17:39:37] [INFO] Configuration initialized successfully
[2025-09-11 17:39:47] [INFO] Initializing configuration...
[2025-09-11 17:39:47] [INFO] Using default configuration
[2025-09-11 17:39:47] [INFO] Validating environment...
[2025-09-11 17:39:47] [INFO] Environment validation successful
[2025-09-11 17:39:47] [INFO] Configuration initialized successfully
[2025-09-11 17:39:47] [INFO] Initializing configuration...
[2025-09-11 17:39:47] [INFO] Using default configuration
[2025-09-11 17:39:47] [INFO] Validating environment...
[2025-09-11 17:39:47] [INFO] Environment validation successful
[2025-09-11 17:39:47] [INFO] Configuration initialized successfully
[2025-09-11 17:39:47] [INFO] Executing profile: power
[2025-09-11 17:39:47] [INFO] Starting Power User Profile
[2025-09-11 17:39:47] [INFO] Loading package metadata from /home/coffee/linux-helper-script-main/linux-helper-script/data/metadata/packages.yaml
[2025-09-11 17:39:47] [INFO] Package metadata loaded successfully
[2025-09-11 17:41:53] [INFO] Initializing configuration...
[2025-09-11 17:41:53] [INFO] Using default configuration
[2025-09-11 17:41:53] [INFO] Validating environment...
[2025-09-11 17:41:53] [INFO] Environment validation successful
[2025-09-11 17:41:53] [INFO] Configuration initialized successfully
[2025-09-11 17:41:53] [INFO] Initializing configuration...
[2025-09-11 17:41:53] [INFO] Using default configuration
[2025-09-11 17:41:53] [INFO] Validating environment...
[2025-09-11 17:41:53] [INFO] Environment validation successful
[2025-09-11 17:41:53] [INFO] Configuration initialized successfully
[2025-09-11 17:41:53] [INFO] Executing profile: power
[2025-09-11 17:41:53] [INFO] Starting Power User Profile
[2025-09-11 17:41:53] [INFO] Loading package metadata from /home/coffee/linux-helper-script-main/linux-helper-script/data/metadata/packages.yaml
[2025-09-11 17:41:54] [INFO] Package metadata loaded successfully
[2025-09-11 17:42:35] [INFO] Initializing configuration...
[2025-09-11 17:42:35] [INFO] Using default configuration
[2025-09-11 17:42:35] [INFO] Validating environment...
[2025-09-11 17:42:35] [INFO] Environment validation successful
[2025-09-11 17:42:35] [INFO] Configuration initialized successfully
[2025-09-11 17:42:35] [INFO] Initializing configuration...
[2025-09-11 17:42:35] [INFO] Using default configuration
[2025-09-11 17:42:35] [INFO] Validating environment...
[2025-09-11 17:42:35] [INFO] Environment validation successful
[2025-09-11 17:42:35] [INFO] Configuration initialized successfully
[2025-09-11 17:42:35] [INFO] Executing profile: power
[2025-09-11 17:42:35] [INFO] Starting Power User Profile
[2025-09-11 17:42:35] [INFO] Loading package metadata from /home/coffee/linux-helper-script-main/linux-helper-script/data/metadata/packages.yaml
[2025-09-11 17:42:35] [INFO] Package metadata loaded successfully
[2025-09-11 17:43:36] [INFO] Initializing configuration...
[2025-09-11 17:43:36] [INFO] Using default configuration
[2025-09-11 17:43:36] [INFO] Validating environment...
[2025-09-11 17:43:36] [INFO] Environment validation successful
[2025-09-11 17:43:36] [INFO] Configuration initialized successfully
[2025-09-11 17:43:37] [INFO] Initializing configuration...
[2025-09-11 17:43:37] [INFO] Using default configuration
[2025-09-11 17:43:37] [INFO] Validating environment...
[2025-09-11 17:43:37] [INFO] Environment validation successful
[2025-09-11 17:43:37] [INFO] Configuration initialized successfully
[2025-09-11 17:43:37] [INFO] Executing profile: power
[2025-09-11 17:43:37] [INFO] Starting Power User Profile
[2025-09-11 17:43:37] [INFO] Loading package metadata from /home/coffee/linux-helper-script-main/linux-helper-script/data/metadata/packages.yaml
[2025-09-11 17:43:37] [INFO] Package metadata loaded successfully
[2025-09-11 17:51:32] [INFO] Initializing configuration...
[2025-09-11 17:51:32] [INFO] Using default configuration
[2025-09-11 17:51:32] [INFO] Validating environment...
[2025-09-11 17:51:32] [INFO] Environment validation successful
[2025-09-11 17:51:32] [INFO] Configuration initialized successfully
[2025-09-11 17:51:33] [INFO] Initializing configuration...
[2025-09-11 17:51:33] [INFO] Using default configuration
[2025-09-11 17:51:33] [INFO] Validating environment...
[2025-09-11 17:51:33] [INFO] Environment validation successful
[2025-09-11 17:51:33] [INFO] Configuration initialized successfully
[2025-09-11 17:51:33] [INFO] Executing profile: power
[2025-09-11 17:51:34] [INFO] Starting Power User Profile
[2025-09-11 17:51:34] [INFO] Loading package metadata from /home/coffee/linux-helper-script-main/linux-helper-script/data/metadata/packages.yaml
[2025-09-11 17:51:34] [INFO] Package metadata loaded successfully
[2025-09-11 18:14:01] [INFO] Initializing configuration...
[2025-09-11 18:14:01] [INFO] Using default configuration
[2025-09-11 18:14:01] [INFO] Validating environment...
[2025-09-11 18:14:01] [INFO] Environment validation successful
[2025-09-11 18:14:01] [INFO] Configuration initialized successfully
[2025-09-11 18:14:01] [INFO] Initializing configuration...
[2025-09-11 18:14:01] [INFO] Using default configuration
[2025-09-11 18:14:01] [INFO] Validating environment...
[2025-09-11 18:14:01] [INFO] Environment validation successful
[2025-09-11 18:14:01] [INFO] Configuration initialized successfully
[2025-09-11 18:14:01] [INFO] Executing profile: power
[2025-09-11 18:14:01] [INFO] Starting Power User Profile
[2025-09-11 18:14:01] [INFO] Loading package metadata from /home/coffee/linux-helper-script-main/linux-helper-script/data/metadata/packages.yaml
[2025-09-11 18:14:01] [INFO] Package metadata loaded successfully
[2025-09-11 18:16:13] [INFO] Initializing configuration...
[2025-09-11 18:16:13] [INFO] Using default configuration
[2025-09-11 18:16:13] [INFO] Validating environment...
[2025-09-11 18:16:13] [INFO] Environment validation successful
[2025-09-11 18:16:13] [INFO] Configuration initialized successfully
[2025-09-11 18:16:18] [INFO] Initializing configuration...
[2025-09-11 18:16:18] [INFO] Using default configuration
[2025-09-11 18:16:18] [INFO] Validating environment...
[2025-09-11 18:16:18] [INFO] Environment validation successful
[2025-09-11 18:16:18] [INFO] Configuration initialized successfully
[2025-09-11 18:16:18] [INFO] Executing profile: power
[2025-09-11 18:16:18] [INFO] Starting Power User Profile
[2025-09-11 18:16:18] [INFO] Loading package metadata from /home/coffee/linux-helper-script-main/linux-helper-script/data/metadata/packages.yaml
[2025-09-11 18:16:18] [INFO] Package metadata loaded successfully
[2025-09-11 18:16:21] [INFO] Added 10 packages from category: [H[2J[3J
[0;34m═══════════════════════════════════════════════════════════════[0m
[0;34m  Select Category[0m
[0;34m═══════════════════════════════════════════════════════════════[0m

[0;36mChoose a category to browse packages[0m

browsers
[2025-09-11 18:16:24] [INFO] Added 0 packages from category: [H[2J[3J
[0;34m═══════════════════════════════════════════════════════════════[0m
[0;34m  Select Category[0m
[0;34m═══════════════════════════════════════════════════════════════[0m

[0;36mChoose a category to browse packages[0m

browsers
[2025-09-11 18:17:57] [INFO] Added 2 packages from category: [H[2J[3J
[0;34m═══════════════════════════════════════════════════════════════[0m
[0;34m  Select Category[0m
[0;34m═══════════════════════════════════════════════════════════════[0m

[0;36mChoose a category to browse packages[0m
[2025-09-11 18:18:00] [INFO] Added 2 packages from category: [H[2J[3J
[0;34m═══════════════════════════════════════════════════════════════[0m
[0;34m  Select Category[0m
[0;34m═══════════════════════════════════════════════════════════════[0m

[0;36mChoose a category to browse packages[0m

media-players
[2025-09-11 18:18:03] [INFO] Added 2 packages from category: [H[2J[3J
[0;34m═══════════════════════════════════════════════════════════════[0m
[0;34m  Select Category[0m
[0;34m═══════════════════════════════════════════════════════════════[0m

[0;36mChoose a category to browse packages[0m

file-managers
[2025-09-11 18:18:05] [INFO] Added 0 packages from category: [H[2J[3J
[0;34m═══════════════════════════════════════════════════════════════[0m
[0;34m  Select Category[0m
[0;34m═══════════════════════════════════════════════════════════════[0m

[0;36mChoose a category to browse packages[0m

media-players
[2025-09-11 18:18:08] [INFO] Added 0 packages from category: [H[2J[3J
[0;34m═══════════════════════════════════════════════════════════════[0m
[0;34m  Select Category[0m
[0;34m═══════════════════════════════════════════════════════════════[0m

[0;36mChoose a category to browse packages[0m
[2025-09-11 18:18:10] [INFO] Added 0 packages from category: [H[2J[3J
[0;34m═══════════════════════════════════════════════════════════════[0m
[0;34m  Select Category[0m
[0;34m═══════════════════════════════════════════════════════════════[0m

[0;36mChoose a category to browse packages[0m
[2025-09-11 18:19:55] [INFO] Initializing configuration...
[2025-09-11 18:19:55] [INFO] Using default configuration
[2025-09-11 18:19:55] [INFO] Validating environment...
[2025-09-11 18:19:55] [INFO] Environment validation successful
[2025-09-11 18:19:55] [INFO] Configuration initialized successfully
[2025-09-11 18:19:55] [INFO] Initializing configuration...
[2025-09-11 18:19:55] [INFO] Using default configuration
[2025-09-11 18:19:55] [INFO] Validating environment...
[2025-09-11 18:19:55] [INFO] Environment validation successful
[2025-09-11 18:19:55] [INFO] Configuration initialized successfully
[2025-09-11 18:19:55] [INFO] Executing profile: power
[2025-09-11 18:19:55] [INFO] Starting Power User Profile
[2025-09-11 18:19:55] [INFO] Loading package metadata from /home/coffee/linux-helper-script-main/linux-helper-script/data/metadata/packages.yaml
[2025-09-11 18:19:55] [INFO] Package metadata loaded successfully
[2025-09-11 18:21:00] [INFO] Initializing configuration...
[2025-09-11 18:21:00] [INFO] Using default configuration
[2025-09-11 18:21:00] [INFO] Validating environment...
[2025-09-11 18:21:00] [INFO] Environment validation successful
[2025-09-11 18:21:00] [INFO] Configuration initialized successfully
[2025-09-11 18:21:00] [INFO] Initializing configuration...
[2025-09-11 18:21:00] [INFO] Using default configuration
[2025-09-11 18:21:00] [INFO] Validating environment...
[2025-09-11 18:21:00] [INFO] Environment validation successful
[2025-09-11 18:21:00] [INFO] Configuration initialized successfully
[2025-09-11 18:21:00] [INFO] Executing profile: power
[2025-09-11 18:21:00] [INFO] Starting Power User Profile
[2025-09-11 18:21:00] [INFO] Loading package metadata from /home/coffee/linux-helper-script-main/linux-helper-script/data/metadata/packages.yaml
[2025-09-11 18:21:00] [INFO] Package metadata loaded successfully
[2025-09-11 18:21:02] [INFO] Executing fzf with options: --height=20 --border --reverse --ansi
[2025-09-11 18:21:02] [INFO] Category list: Browsers (4 packages)
Terminals (17 packages)
File Managers (3 packages)
Media Players (5 packages)
Office And Productivity (16 packages)
Gaming (25 packages)
Communication (18 packages)
Graphics And Design (20 packages)
Development Tools (36 packages)
Utilities (23 packages)
Cybersecurity (131 packages)
Privacy (38 packages)

[2025-09-11 18:21:32] [INFO] Initializing configuration...
[2025-09-11 18:21:32] [INFO] Using default configuration
[2025-09-11 18:21:32] [INFO] Validating environment...
[2025-09-11 18:21:32] [INFO] Environment validation successful
[2025-09-11 18:21:32] [INFO] Configuration initialized successfully
[2025-09-11 18:22:36] [INFO] Initializing configuration...
[2025-09-11 18:22:36] [INFO] Using default configuration
[2025-09-11 18:22:36] [INFO] Validating environment...
[2025-09-11 18:22:36] [INFO] Environment validation successful
[2025-09-11 18:22:36] [INFO] Configuration initialized successfully
[2025-09-11 18:22:37] [INFO] Initializing configuration...
[2025-09-11 18:22:37] [INFO] Using default configuration
[2025-09-11 18:22:37] [INFO] Validating environment...
[2025-09-11 18:22:37] [INFO] Environment validation successful
[2025-09-11 18:22:37] [INFO] Configuration initialized successfully
[2025-09-11 18:22:37] [INFO] Executing profile: power
[2025-09-11 18:22:37] [INFO] Starting Power User Profile
[2025-09-11 18:22:37] [INFO] Loading package metadata from /home/coffee/linux-helper-script-main/linux-helper-script/data/metadata/packages.yaml
[2025-09-11 18:22:38] [INFO] Package metadata loaded successfully
[2025-09-11 18:22:45] [INFO] Added 1 packages from category: data/detailed/terminals/foot.md
[2025-09-11 18:22:47] [INFO] Added 1 packages from category: installation.sh
[2025-09-11 18:22:49] [INFO] Added 1 packages from category: main.sh
[2025-09-11 18:24:08] [INFO] Added 0 packages from category: installation.sh
[2025-09-11 18:24:11] [INFO] Added 1 packages from category: data/readme.md
[2025-09-11 18:24:13] [INFO] Added 0 packages from category: main.sh
[2025-09-11 18:24:15] [INFO] Added 0 packages from category: main.sh
[2025-09-11 18:24:18] [INFO] Using AUR helper: paru
[2025-09-11 18:24:18] [INFO] Installing multiple packages...
[2025-09-11 18:24:18] [ERROR] Package [1;37m[2025-09-11 18:22:45] [INFO] Added 1 packages from category: data/detailed/terminals/foot.md[0m not found in pacman or AUR
[2025-09-11 18:24:18] [ERROR] Package [1;37m[2025-09-11 18:22:47] [INFO] Added 1 packages from category: installation.sh[0m not found in pacman or AUR
[2025-09-11 18:24:19] [ERROR] Package [1;37m[2025-09-11 18:22:49] [INFO] Added 1 packages from category: main.sh[0m not found in pacman or AUR
[2025-09-11 18:24:19] [ERROR] Package [1;37m[2025-09-11 18:24:08] [INFO] Added 0 packages from category: installation.sh[0m not found in pacman or AUR
[2025-09-11 18:24:19] [ERROR] Package [1;37m[2025-09-11 18:24:11] [INFO] Added 1 packages from category: data/readme.md[0m not found in pacman or AUR
[2025-09-11 18:24:20] [ERROR] Package [1;37m[2025-09-11 18:24:13] [INFO] Added 0 packages from category: main.sh[0m not found in pacman or AUR
[2025-09-11 18:24:20] [ERROR] Package [1;37m[2025-09-11 18:24:15] [INFO] Added 0 packages from category: main.sh[0m not found in pacman or AUR
[2025-09-11 18:24:20] [ERROR] Package [0;31m❌ No packages found for category: data/detailed/terminals/foot.md[0m not found in pacman or AUR
[2025-09-11 18:24:21] [ERROR] Package [0;31m❌ No packages found for category: installation.sh[0m not found in pacman or AUR
[2025-09-11 18:24:21] [ERROR] Package [0;31m❌ No packages found for category: main.sh[0m not found in pacman or AUR
[2025-09-11 18:24:21] [ERROR] Package [0;31m❌ No packages found for category: data/readme.md[0m not found in pacman or AUR
[2025-09-11 18:25:05] [INFO] Initializing configuration...
[2025-09-11 18:25:05] [INFO] Using default configuration
[2025-09-11 18:25:05] [INFO] Validating environment...
[2025-09-11 18:25:05] [INFO] Environment validation successful
[2025-09-11 18:25:05] [INFO] Configuration initialized successfully
[2025-09-11 18:25:05] [INFO] Initializing configuration...
[2025-09-11 18:25:05] [INFO] Using default configuration
[2025-09-11 18:25:05] [INFO] Validating environment...
[2025-09-11 18:25:05] [INFO] Environment validation successful
[2025-09-11 18:25:05] [INFO] Configuration initialized successfully
[2025-09-11 18:25:05] [INFO] Executing profile: power
[2025-09-11 18:25:05] [INFO] Starting Power User Profile
[2025-09-11 18:25:05] [INFO] Loading package metadata from /home/coffee/linux-helper-script-main/linux-helper-script/data/metadata/packages.yaml
[2025-09-11 18:25:05] [INFO] Package metadata loaded successfully
[2025-09-11 18:25:07] [INFO] Category list created: Browsers (4 packages)
Terminals (17 packages)
File Managers (3 packages)
Media Players (5 packages)
Office And Productivity (16 packages)
Gaming (25 packages)
Communication (18 packages)
Graphics And Design (20 packages)
Development Tools (36 packages)
Utilities (23 packages)
Cybersecurity (131 packages)
Privacy (38 packages)

[2025-09-11 18:25:40] [INFO] Initializing configuration...
[2025-09-11 18:25:40] [INFO] Using default configuration
[2025-09-11 18:25:40] [INFO] Validating environment...
[2025-09-11 18:25:40] [INFO] Environment validation successful
[2025-09-11 18:25:40] [INFO] Configuration initialized successfully
[2025-09-11 18:25:40] [INFO] Initializing configuration...
[2025-09-11 18:25:40] [INFO] Using default configuration
[2025-09-11 18:25:40] [INFO] Validating environment...
[2025-09-11 18:25:40] [INFO] Environment validation successful
[2025-09-11 18:25:40] [INFO] Configuration initialized successfully
[2025-09-11 18:25:40] [INFO] Executing profile: power
[2025-09-11 18:25:40] [INFO] Starting Power User Profile
[2025-09-11 18:25:40] [INFO] Loading package metadata from /home/coffee/linux-helper-script-main/linux-helper-script/data/metadata/packages.yaml
[2025-09-11 18:25:40] [INFO] Package metadata loaded successfully
[2025-09-11 18:25:42] [INFO] Category list created: Browsers (4 packages)
Terminals (17 packages)
File Managers (3 packages)
Media Players (5 packages)
Office And Productivity (16 packages)
Gaming (25 packages)
Communication (18 packages)
Graphics And Design (20 packages)
Development Tools (36 packages)
Utilities (23 packages)
Cybersecurity (131 packages)
Privacy (38 packages)

[2025-09-11 18:26:08] [INFO] Initializing configuration...
[2025-09-11 18:26:08] [INFO] Using default configuration
[2025-09-11 18:26:08] [INFO] Validating environment...
[2025-09-11 18:26:08] [INFO] Environment validation successful
[2025-09-11 18:26:08] [INFO] Configuration initialized successfully
[2025-09-11 18:26:08] [INFO] Initializing configuration...
[2025-09-11 18:26:08] [INFO] Using default configuration
[2025-09-11 18:26:08] [INFO] Validating environment...
[2025-09-11 18:26:08] [INFO] Environment validation successful
[2025-09-11 18:26:08] [INFO] Configuration initialized successfully
[2025-09-11 18:26:08] [INFO] Executing profile: power
[2025-09-11 18:26:08] [INFO] Starting Power User Profile
[2025-09-11 18:26:08] [INFO] Loading package metadata from /home/coffee/linux-helper-script-main/linux-helper-script/data/metadata/packages.yaml
[2025-09-11 18:26:08] [INFO] Package metadata loaded successfully
[2025-09-11 18:26:10] [INFO] Category list created: Browsers (4 packages)
Terminals (17 packages)
File Managers (3 packages)
Media Players (5 packages)
Office And Productivity (16 packages)
Gaming (25 packages)
Communication (18 packages)
Graphics And Design (20 packages)
Development Tools (36 packages)
Utilities (23 packages)
Cybersecurity (131 packages)
Privacy (38 packages)

[2025-09-11 18:26:52] [INFO] Initializing configuration...
[2025-09-11 18:26:52] [INFO] Using default configuration
[2025-09-11 18:26:52] [INFO] Validating environment...
[2025-09-11 18:26:52] [INFO] Environment validation successful
[2025-09-11 18:26:52] [INFO] Configuration initialized successfully
[2025-09-11 18:26:52] [INFO] Initializing configuration...
[2025-09-11 18:26:52] [INFO] Using default configuration
[2025-09-11 18:26:52] [INFO] Validating environment...
[2025-09-11 18:26:52] [INFO] Environment validation successful
[2025-09-11 18:26:52] [INFO] Configuration initialized successfully
[2025-09-11 18:26:52] [INFO] Executing profile: power
[2025-09-11 18:26:52] [INFO] Starting Power User Profile
[2025-09-11 18:26:52] [INFO] Loading package metadata from /home/coffee/linux-helper-script-main/linux-helper-script/data/metadata/packages.yaml
[2025-09-11 18:26:52] [INFO] Package metadata loaded successfully
[2025-09-11 18:26:54] [INFO] Category list created with 13 lines
[2025-09-11 18:26:54] [INFO] About to run fzf with category list
[2025-09-11 18:27:42] [INFO] Initializing configuration...
[2025-09-11 18:27:42] [INFO] Using default configuration
[2025-09-11 18:27:42] [INFO] Validating environment...
[2025-09-11 18:27:42] [INFO] Environment validation successful
[2025-09-11 18:27:42] [INFO] Configuration initialized successfully
[2025-09-11 18:27:42] [INFO] Initializing configuration...
[2025-09-11 18:27:42] [INFO] Using default configuration
[2025-09-11 18:27:42] [INFO] Validating environment...
[2025-09-11 18:27:42] [INFO] Environment validation successful
[2025-09-11 18:27:42] [INFO] Configuration initialized successfully
[2025-09-11 18:27:42] [INFO] Executing profile: power
[2025-09-11 18:27:42] [INFO] Starting Power User Profile
[2025-09-11 18:27:42] [INFO] Loading package metadata from /home/coffee/linux-helper-script-main/linux-helper-script/data/metadata/packages.yaml
[2025-09-11 18:27:42] [INFO] Package metadata loaded successfully
[2025-09-11 18:28:16] [INFO] Initializing configuration...
[2025-09-11 18:28:16] [INFO] Using default configuration
[2025-09-11 18:28:16] [INFO] Validating environment...
[2025-09-11 18:28:16] [INFO] Environment validation successful
[2025-09-11 18:28:16] [INFO] Configuration initialized successfully
[2025-09-11 18:28:16] [INFO] Initializing configuration...
[2025-09-11 18:28:16] [INFO] Using default configuration
[2025-09-11 18:28:16] [INFO] Validating environment...
[2025-09-11 18:28:16] [INFO] Environment validation successful
[2025-09-11 18:28:16] [INFO] Configuration initialized successfully
[2025-09-11 18:28:16] [INFO] Executing profile: power
[2025-09-11 18:28:16] [INFO] Starting Power User Profile
[2025-09-11 18:28:16] [INFO] Loading package metadata from /home/coffee/linux-helper-script-main/linux-helper-script/data/metadata/packages.yaml
[2025-09-11 18:28:16] [INFO] Package metadata loaded successfully
[2025-09-11 18:29:16] [INFO] Initializing configuration...
[2025-09-11 18:29:16] [INFO] Using default configuration
[2025-09-11 18:29:16] [INFO] Validating environment...
[2025-09-11 18:29:16] [INFO] Environment validation successful
[2025-09-11 18:29:16] [INFO] Configuration initialized successfully
[2025-09-11 18:29:18] [INFO] Initializing configuration...
[2025-09-11 18:29:18] [INFO] Using default configuration
[2025-09-11 18:29:18] [INFO] Validating environment...
[2025-09-11 18:29:18] [INFO] Environment validation successful
[2025-09-11 18:29:18] [INFO] Configuration initialized successfully
[2025-09-11 18:29:18] [INFO] Executing profile: power
[2025-09-11 18:29:18] [INFO] Starting Power User Profile
[2025-09-11 18:29:18] [INFO] Loading package metadata from /home/coffee/linux-helper-script-main/linux-helper-script/data/metadata/packages.yaml
[2025-09-11 18:29:18] [INFO] Package metadata loaded successfully
[2025-09-11 18:29:32] [INFO] Added 4 packages from category: browsers
[2025-09-11 18:29:41] [INFO] Added 4 packages from category: terminals
[2025-09-11 18:29:44] [INFO] User confirmed installation of 8 packages
[2025-09-11 18:29:44] [INFO] Using AUR helper: paru
[2025-09-11 18:29:44] [INFO] Installing multiple packages...
[2025-09-11 18:29:45] [ERROR] Package [1;37m[2025-09-11 18:29:32] [INFO] Added 4 packages from category: browsers[0m not found in pacman or AUR
[2025-09-11 18:29:45] [ERROR] Package [1;37m[2025-09-11 18:29:41] [INFO] Added 4 packages from category: terminals[0m not found in pacman or AUR
[2025-09-11 18:29:45] [ERROR] Package [1;37m[2025-09-11 18:29:44] [INFO] User confirmed installation of 8 packages[0m not found in pacman or AUR
[2025-09-11 18:29:46] [ERROR] Unknown package source: pacman
pacman
[2025-09-11 18:29:46] [ERROR] Unknown package source: pacman
pacman
[2025-09-11 18:29:47] [ERROR] Package librewolf not found in pacman or AUR
[2025-09-11 18:29:47] [ERROR] Package tor-browser not found in pacman or AUR
[2025-09-11 18:29:48] [ERROR] Unknown package source: pacman
pacman
[2025-09-11 18:29:48] [ERROR] Unknown package source: pacman
pacman
[2025-09-11 18:29:49] [ERROR] Unknown package source: pacman
pacman
[2025-09-11 18:29:49] [ERROR] Unknown package source: pacman
pacman
[2025-09-11 18:30:20] [INFO] Initializing configuration...
[2025-09-11 18:30:20] [INFO] Using default configuration
[2025-09-11 18:30:20] [INFO] Validating environment...
[2025-09-11 18:30:20] [INFO] Environment validation successful
[2025-09-11 18:30:20] [INFO] Configuration initialized successfully
[2025-09-11 18:30:22] [INFO] Initializing configuration...
[2025-09-11 18:30:22] [INFO] Using default configuration
[2025-09-11 18:30:22] [INFO] Validating environment...
[2025-09-11 18:30:22] [INFO] Environment validation successful
[2025-09-11 18:30:22] [INFO] Configuration initialized successfully
[2025-09-11 18:30:22] [INFO] Executing profile: power
[2025-09-11 18:30:22] [INFO] Starting Power User Profile
[2025-09-11 18:30:22] [INFO] Loading package metadata from /home/coffee/linux-helper-script-main/linux-helper-script/data/metadata/packages.yaml
[2025-09-11 18:30:22] [INFO] Package metadata loaded successfully
[2025-09-11 18:32:59] [INFO] Initializing configuration...
[2025-09-11 18:32:59] [INFO] Using default configuration
[2025-09-11 18:33:00] [INFO] Validating environment...
[2025-09-11 18:33:00] [INFO] Environment validation successful
[2025-09-11 18:33:00] [INFO] Configuration initialized successfully
[2025-09-11 18:33:00] [INFO] Initializing configuration...
[2025-09-11 18:33:00] [INFO] Using default configuration
[2025-09-11 18:33:00] [INFO] Validating environment...
[2025-09-11 18:33:00] [INFO] Environment validation successful
[2025-09-11 18:33:00] [INFO] Configuration initialized successfully
[2025-09-11 18:33:00] [INFO] Executing profile: power
[2025-09-11 18:33:00] [INFO] Starting Power User Profile
[2025-09-11 18:33:00] [INFO] Loading package metadata from /home/coffee/linux-helper-script-main/linux-helper-script/data/metadata/packages.yaml
[2025-09-11 18:33:00] [INFO] Package metadata loaded successfully
[2025-09-11 18:33:48] [INFO] Initializing configuration...
[2025-09-11 18:33:48] [INFO] Using default configuration
[2025-09-11 18:33:48] [INFO] Validating environment...
[2025-09-11 18:33:48] [INFO] Environment validation successful
[2025-09-11 18:33:48] [INFO] Configuration initialized successfully
[2025-09-11 18:33:48] [INFO] Initializing configuration...
[2025-09-11 18:33:48] [INFO] Using default configuration
[2025-09-11 18:33:48] [INFO] Validating environment...
[2025-09-11 18:33:48] [INFO] Environment validation successful
[2025-09-11 18:33:48] [INFO] Configuration initialized successfully
[2025-09-11 18:33:48] [INFO] Executing profile: power
[2025-09-11 18:33:48] [INFO] Starting Power User Profile
[2025-09-11 18:33:48] [INFO] Loading package metadata from /home/coffee/linux-helper-script-main/linux-helper-script/data/metadata/packages.yaml
[2025-09-11 18:33:48] [INFO] Package metadata loaded successfully
[2025-09-11 18:34:02] [INFO] Initializing configuration...
[2025-09-11 18:34:02] [INFO] Using default configuration
[2025-09-11 18:34:02] [INFO] Validating environment...
[2025-09-11 18:34:02] [INFO] Environment validation successful
[2025-09-11 18:34:02] [INFO] Configuration initialized successfully
[2025-09-11 18:34:02] [INFO] Initializing configuration...
[2025-09-11 18:34:02] [INFO] Using default configuration
[2025-09-11 18:34:02] [INFO] Validating environment...
[2025-09-11 18:34:02] [INFO] Environment validation successful
[2025-09-11 18:34:02] [INFO] Configuration initialized successfully
[2025-09-11 18:34:02] [INFO] Executing profile: power
[2025-09-11 18:34:02] [INFO] Starting Power User Profile
[2025-09-11 18:34:02] [INFO] Loading package metadata from /home/coffee/linux-helper-script-main/linux-helper-script/data/metadata/packages.yaml
[2025-09-11 18:34:02] [INFO] Package metadata loaded successfully
[2025-09-11 18:35:02] [INFO] Initializing configuration...
[2025-09-11 18:35:02] [INFO] Using default configuration
[2025-09-11 18:35:02] [INFO] Validating environment...
[2025-09-11 18:35:02] [INFO] Environment validation successful
[2025-09-11 18:35:02] [INFO] Configuration initialized successfully
[2025-09-11 18:35:04] [INFO] Initializing configuration...
[2025-09-11 18:35:04] [INFO] Using default configuration
[2025-09-11 18:35:04] [INFO] Validating environment...
[2025-09-11 18:35:04] [INFO] Environment validation successful
[2025-09-11 18:35:04] [INFO] Configuration initialized successfully
[2025-09-11 18:35:04] [INFO] Executing profile: power
[2025-09-11 18:35:04] [INFO] Starting Power User Profile
[2025-09-11 18:35:04] [INFO] Loading package metadata from /home/coffee/linux-helper-script-main/linux-helper-script/data/metadata/packages.yaml
[2025-09-11 18:35:04] [INFO] Package metadata loaded successfully
[2025-09-11 18:35:16] [INFO] Added 4 packages from category: browsers
[2025-09-11 18:35:21] [INFO] Added 0 packages from category: browsers
[2025-09-11 18:35:26] [INFO] Added 0 packages from category: browsers
[2025-09-11 18:35:30] [INFO] User confirmed installation of 4 packages
[2025-09-11 18:35:30] [INFO] Using AUR helper: paru
[2025-09-11 18:35:30] [INFO] Installing multiple packages...
[2025-09-11 18:35:30] [ERROR] Package [1;37m[2025-09-11 18:35:16] [INFO] Added 4 packages from category: browsers[0m not found in pacman or AUR
[2025-09-11 18:35:31] [ERROR] Package [1;37m[2025-09-11 18:35:21] [INFO] Added 0 packages from category: browsers[0m not found in pacman or AUR
[2025-09-11 18:35:31] [ERROR] Package [1;37m[2025-09-11 18:35:26] [INFO] Added 0 packages from category: browsers[0m not found in pacman or AUR
[2025-09-11 18:35:32] [ERROR] Package [1;37m[2025-09-11 18:35:30] [INFO] User confirmed installation of 4 packages[0m not found in pacman or AUR
[2025-09-11 18:35:32] [ERROR] Unknown package source: pacman
pacman
[2025-09-11 18:35:32] [ERROR] Unknown package source: pacman
pacman
[2025-09-11 18:35:33] [ERROR] Package librewolf not found in pacman or AUR
[2025-09-11 18:35:33] [ERROR] Package tor-browser not found in pacman or AUR
[2025-09-11 18:38:24] [INFO] Initializing configuration...
[2025-09-11 18:38:24] [INFO] Using default configuration
[2025-09-11 18:38:24] [INFO] Validating environment...
[2025-09-11 18:38:24] [INFO] Environment validation successful
[2025-09-11 18:38:24] [INFO] Configuration initialized successfully
[2025-09-11 18:38:24] [INFO] Initializing configuration...
[2025-09-11 18:38:24] [INFO] Using default configuration
[2025-09-11 18:38:24] [INFO] Validating environment...
[2025-09-11 18:38:24] [INFO] Environment validation successful
[2025-09-11 18:38:24] [INFO] Configuration initialized successfully
[2025-09-11 18:38:24] [INFO] Executing profile: power
[2025-09-11 18:38:24] [INFO] Starting Power User Profile
[2025-09-11 18:38:24] [INFO] Loading package metadata from /home/coffee/linux-helper-script-main/linux-helper-script/data/metadata/packages.yaml
[2025-09-11 18:38:24] [INFO] Package metadata loaded successfully
[2025-09-11 18:39:45] [INFO] Initializing configuration...
[2025-09-11 18:39:45] [INFO] Using default configuration
[2025-09-11 18:39:45] [INFO] Validating environment...
[2025-09-11 18:39:45] [INFO] Environment validation successful
[2025-09-11 18:39:45] [INFO] Configuration initialized successfully
[2025-09-11 18:39:47] [INFO] Initializing configuration...
[2025-09-11 18:39:47] [INFO] Using default configuration
[2025-09-11 18:39:47] [INFO] Validating environment...
[2025-09-11 18:39:47] [INFO] Environment validation successful
[2025-09-11 18:39:47] [INFO] Configuration initialized successfully
[2025-09-11 18:39:47] [INFO] Executing profile: power
[2025-09-11 18:39:47] [INFO] Starting Power User Profile
[2025-09-11 18:39:47] [INFO] Loading package metadata from /home/coffee/linux-helper-script-main/linux-helper-script/data/metadata/packages.yaml
[2025-09-11 18:39:47] [INFO] Package metadata loaded successfully
[2025-09-11 18:39:58] [INFO] Updated selections for category browsers: 4 packages selected
[2025-09-11 18:40:03] [INFO] Updated selections for category browsers: 4 packages selected
[2025-09-11 18:40:08] [INFO] Using AUR helper: paru
[2025-09-11 18:40:08] [INFO] Installing multiple packages...
[2025-09-11 18:40:08] [ERROR] Package [1;37m[2025-09-11 18:39:58] [INFO] Updated selections for category browsers: 4 packages selected[0m not found in pacman or AUR
[2025-09-11 18:45:30] [INFO] This should not appear in result
[2025-09-11 18:45:55] [INFO] Initializing configuration...
[2025-09-11 18:45:55] [INFO] Using default configuration
[2025-09-11 18:45:55] [INFO] Validating environment...
[2025-09-11 18:45:55] [INFO] Environment validation successful
[2025-09-11 18:45:55] [INFO] Configuration initialized successfully
[2025-09-11 18:45:59] [INFO] Initializing configuration...
[2025-09-11 18:45:59] [INFO] Using default configuration
[2025-09-11 18:45:59] [INFO] Validating environment...
[2025-09-11 18:45:59] [INFO] Environment validation successful
[2025-09-11 18:45:59] [INFO] Configuration initialized successfully
[2025-09-11 18:45:59] [INFO] Initializing configuration...
[2025-09-11 18:45:59] [INFO] Using default configuration
[2025-09-11 18:45:59] [INFO] Validating environment...
[2025-09-11 18:45:59] [INFO] Environment validation successful
[2025-09-11 18:45:59] [INFO] Configuration initialized successfully
[2025-09-11 18:45:59] [INFO] Executing profile: power
[2025-09-11 18:45:59] [INFO] Starting Power User Profile
[2025-09-11 18:45:59] [INFO] Loading package metadata from /home/coffee/linux-helper-script-main/linux-helper-script/data/metadata/packages.yaml
[2025-09-11 18:45:59] [INFO] Package metadata loaded successfully
[2025-09-11 18:47:51] [INFO] Initializing configuration...
[2025-09-11 18:47:51] [INFO] Using default configuration
[2025-09-11 18:47:51] [INFO] Validating environment...
[2025-09-11 18:47:51] [INFO] Environment validation successful
[2025-09-11 18:47:51] [INFO] Configuration initialized successfully
[2025-09-11 18:47:51] [INFO] Initializing configuration...
[2025-09-11 18:47:51] [INFO] Using default configuration
[2025-09-11 18:47:51] [INFO] Validating environment...
[2025-09-11 18:47:51] [INFO] Environment validation successful
[2025-09-11 18:47:51] [INFO] Configuration initialized successfully
[2025-09-11 18:47:51] [INFO] Executing profile: power
[2025-09-11 18:47:51] [INFO] Starting Power User Profile
[2025-09-11 18:47:51] [INFO] Loading package metadata from /home/coffee/linux-helper-script-main/linux-helper-script/data/metadata/packages.yaml
[2025-09-11 18:47:51] [INFO] Package metadata loaded successfully
[2025-09-11 18:49:50] [INFO] Initializing configuration...
[2025-09-11 18:49:50] [INFO] Using default configuration
[2025-09-11 18:49:50] [INFO] Validating environment...
[2025-09-11 18:49:50] [INFO] Environment validation successful
[2025-09-11 18:49:50] [INFO] Configuration initialized successfully
[2025-09-11 18:49:54] [INFO] Initializing configuration...
[2025-09-11 18:49:54] [INFO] Using default configuration
[2025-09-11 18:49:54] [INFO] Validating environment...
[2025-09-11 18:49:54] [INFO] Environment validation successful
[2025-09-11 18:49:54] [INFO] Configuration initialized successfully
[2025-09-11 18:49:54] [INFO] Executing profile: power
[2025-09-11 18:49:54] [INFO] Starting Power User Profile
[2025-09-11 18:49:54] [INFO] Loading package metadata from /home/coffee/linux-helper-script-main/linux-helper-script/data/metadata/packages.yaml
[2025-09-11 18:49:54] [INFO] Package metadata loaded successfully
[2025-09-11 18:49:59] [INFO] Updated selections for category browsers: 4 packages selected
[2025-09-11 18:50:08] [INFO] Updated selections for category browsers: 4 packages selected
[2025-09-11 18:52:23] [INFO] Updated selections for category browsers: 1 packages selected
[2025-09-11 18:52:33] [INFO] Updated selections for category terminals: 4 packages selected
[2025-09-11 18:52:41] [INFO] Updated selections for category media-players: 5 packages selected
[2025-09-11 18:52:51] [INFO] Using AUR helper: paru
[2025-09-11 18:52:51] [INFO] Installing multiple packages...
[2025-09-11 18:54:01] [INFO] Initializing configuration...
[2025-09-11 18:54:01] [INFO] Using default configuration
[2025-09-11 18:54:01] [INFO] Validating environment...
[2025-09-11 18:54:01] [INFO] Environment validation successful
[2025-09-11 18:54:01] [INFO] Configuration initialized successfully
[2025-09-11 18:54:01] [INFO] Initializing configuration...
[2025-09-11 18:54:01] [INFO] Using default configuration
[2025-09-11 18:54:01] [INFO] Validating environment...
[2025-09-11 18:54:01] [INFO] Environment validation successful
[2025-09-11 18:54:01] [INFO] Configuration initialized successfully
[2025-09-11 18:54:01] [INFO] Executing profile: power
[2025-09-11 18:54:01] [INFO] Starting Power User Profile
[2025-09-11 18:54:01] [INFO] Loading package metadata from /home/coffee/linux-helper-script-main/linux-helper-script/data/metadata/packages.yaml
[2025-09-11 18:54:01] [INFO] Package metadata loaded successfully
[2025-09-11 18:54:58] [INFO] Initializing configuration...
[2025-09-11 18:54:58] [INFO] Using default configuration
[2025-09-11 18:54:58] [INFO] Validating environment...
[2025-09-11 18:54:58] [INFO] Environment validation successful
[2025-09-11 18:54:58] [INFO] Configuration initialized successfully
[2025-09-11 18:55:00] [INFO] Initializing configuration...
[2025-09-11 18:55:00] [INFO] Using default configuration
[2025-09-11 18:55:00] [INFO] Validating environment...
[2025-09-11 18:55:00] [INFO] Environment validation successful
[2025-09-11 18:55:00] [INFO] Configuration initialized successfully
[2025-09-11 18:55:00] [INFO] Executing profile: power
[2025-09-11 18:55:00] [INFO] Starting Power User Profile
[2025-09-11 18:55:00] [INFO] Loading package metadata from /home/coffee/linux-helper-script-main/linux-helper-script/data/metadata/packages.yaml
[2025-09-11 18:55:00] [INFO] Package metadata loaded successfully
[2025-09-11 18:56:41] [INFO] Initializing configuration...
[2025-09-11 18:56:41] [INFO] Using default configuration
[2025-09-11 18:56:41] [INFO] Validating environment...
[2025-09-11 18:56:41] [INFO] Environment validation successful
[2025-09-11 18:56:41] [INFO] Configuration initialized successfully
[2025-09-11 18:56:41] [INFO] Initializing configuration...
[2025-09-11 18:56:41] [INFO] Using default configuration
[2025-09-11 18:56:41] [INFO] Validating environment...
[2025-09-11 18:56:41] [INFO] Environment validation successful
[2025-09-11 18:56:41] [INFO] Configuration initialized successfully
[2025-09-11 18:56:41] [INFO] Executing profile: power
[2025-09-11 18:56:41] [INFO] Starting Power User Profile
[2025-09-11 18:56:41] [INFO] Loading package metadata from /home/coffee/linux-helper-script-main/linux-helper-script/data/metadata/packages.yaml
[2025-09-11 18:56:41] [INFO] Package metadata loaded successfully
[2025-09-11 18:57:15] [INFO] Initializing configuration...
[2025-09-11 18:57:15] [INFO] Using default configuration
[2025-09-11 18:57:15] [INFO] Validating environment...
[2025-09-11 18:57:15] [INFO] Environment validation successful
[2025-09-11 18:57:15] [INFO] Configuration initialized successfully
[2025-09-11 18:57:15] [INFO] Initializing configuration...
[2025-09-11 18:57:15] [INFO] Using default configuration
[2025-09-11 18:57:15] [INFO] Validating environment...
[2025-09-11 18:57:15] [INFO] Environment validation successful
[2025-09-11 18:57:15] [INFO] Configuration initialized successfully
[2025-09-11 18:57:15] [INFO] Executing profile: power
[2025-09-11 18:57:15] [INFO] Starting Power User Profile
[2025-09-11 18:57:15] [INFO] Loading package metadata from /home/coffee/linux-helper-script-main/linux-helper-script/data/metadata/packages.yaml
[2025-09-11 18:57:15] [INFO] Package metadata loaded successfully
[2025-09-11 18:58:00] [INFO] Initializing configuration...
[2025-09-11 18:58:00] [INFO] Using default configuration
[2025-09-11 18:58:00] [INFO] Validating environment...
[2025-09-11 18:58:00] [INFO] Environment validation successful
[2025-09-11 18:58:00] [INFO] Configuration initialized successfully
[2025-09-11 18:58:03] [INFO] Initializing configuration...
[2025-09-11 18:58:03] [INFO] Using default configuration
[2025-09-11 18:58:03] [INFO] Validating environment...
[2025-09-11 18:58:03] [INFO] Environment validation successful
[2025-09-11 18:58:03] [INFO] Configuration initialized successfully
[2025-09-11 18:58:03] [INFO] Executing profile: power
[2025-09-11 18:58:03] [INFO] Starting Power User Profile
[2025-09-11 18:58:03] [INFO] Loading package metadata from /home/coffee/linux-helper-script-main/linux-helper-script/data/metadata/packages.yaml
[2025-09-11 18:58:03] [INFO] Package metadata loaded successfully
[2025-09-11 18:58:11] [INFO] Updated selections for category browsers: 4 packages selected
[2025-09-11 18:58:18] [INFO] Updated selections for category browsers: 4 packages selected
[2025-09-11 19:00:27] [INFO] Initializing configuration...
[2025-09-11 19:00:27] [INFO] Using default configuration
[2025-09-11 19:00:27] [INFO] Validating environment...
[2025-09-11 19:00:27] [INFO] Environment validation successful
[2025-09-11 19:00:27] [INFO] Configuration initialized successfully
[2025-09-11 19:00:27] [INFO] Initializing configuration...
[2025-09-11 19:00:27] [INFO] Using default configuration
[2025-09-11 19:00:27] [INFO] Validating environment...
[2025-09-11 19:00:27] [INFO] Environment validation successful
[2025-09-11 19:00:27] [INFO] Configuration initialized successfully
[2025-09-11 19:00:27] [INFO] Executing profile: power
[2025-09-11 19:00:27] [INFO] Starting Power User Profile
[2025-09-11 19:00:27] [INFO] Loading package metadata from /home/coffee/linux-helper-script-main/linux-helper-script/data/metadata/packages.yaml
[2025-09-11 19:00:28] [INFO] Package metadata loaded successfully
[2025-09-11 19:01:20] [INFO] Initializing configuration...
[2025-09-11 19:01:20] [INFO] Using default configuration
[2025-09-11 19:01:20] [INFO] Validating environment...
[2025-09-11 19:01:20] [INFO] Environment validation successful
[2025-09-11 19:01:20] [INFO] Configuration initialized successfully
[2025-09-11 19:01:20] [INFO] Initializing configuration...
[2025-09-11 19:01:20] [INFO] Using default configuration
[2025-09-11 19:01:20] [INFO] Validating environment...
[2025-09-11 19:01:20] [INFO] Environment validation successful
[2025-09-11 19:01:20] [INFO] Configuration initialized successfully
[2025-09-11 19:01:20] [INFO] Executing profile: power
[2025-09-11 19:01:20] [INFO] Starting Power User Profile
[2025-09-11 19:01:20] [INFO] Loading package metadata from /home/coffee/linux-helper-script-main/linux-helper-script/data/metadata/packages.yaml
[2025-09-11 19:01:20] [INFO] Package metadata loaded successfully
[2025-09-11 19:02:17] [INFO] Initializing configuration...
[2025-09-11 19:02:17] [INFO] Using default configuration
[2025-09-11 19:02:17] [INFO] Validating environment...
[2025-09-11 19:02:17] [INFO] Environment validation successful
[2025-09-11 19:02:17] [INFO] Configuration initialized successfully
[2025-09-11 19:02:17] [INFO] Initializing configuration...
[2025-09-11 19:02:17] [INFO] Using default configuration
[2025-09-11 19:02:17] [INFO] Validating environment...
[2025-09-11 19:02:17] [INFO] Environment validation successful
[2025-09-11 19:02:17] [INFO] Configuration initialized successfully
[2025-09-11 19:02:17] [INFO] Executing profile: power
[2025-09-11 19:02:18] [INFO] Starting Power User Profile
[2025-09-11 19:02:18] [INFO] Loading package metadata from /home/coffee/linux-helper-script-main/linux-helper-script/data/metadata/packages.yaml
[2025-09-11 19:02:18] [INFO] Package metadata loaded successfully
[2025-09-11 19:03:20] [INFO] Initializing configuration...
[2025-09-11 19:03:20] [INFO] Using default configuration
[2025-09-11 19:03:20] [INFO] Validating environment...
[2025-09-11 19:03:20] [INFO] Environment validation successful
[2025-09-11 19:03:20] [INFO] Configuration initialized successfully
[2025-09-11 19:03:22] [INFO] Initializing configuration...
[2025-09-11 19:03:22] [INFO] Using default configuration
[2025-09-11 19:03:22] [INFO] Validating environment...
[2025-09-11 19:03:22] [INFO] Environment validation successful
[2025-09-11 19:03:22] [INFO] Configuration initialized successfully
[2025-09-11 19:03:22] [INFO] Executing profile: power
[2025-09-11 19:03:22] [INFO] Starting Power User Profile
[2025-09-11 19:03:22] [INFO] Loading package metadata from /home/coffee/linux-helper-script-main/linux-helper-script/data/metadata/packages.yaml
[2025-09-11 19:03:22] [INFO] Package metadata loaded successfully
[2025-09-11 19:03:32] [INFO] Updated selections for category browsers: 4 packages selected
[2025-09-11 19:03:45] [INFO] Updated selections for category terminals: 3 packages selected
[2025-09-11 19:04:04] [INFO] Updated selections for category terminals: 4 packages selected
[2025-09-11 19:04:09] [INFO] Updated selections for category browsers: 4 packages selected
[2025-09-11 19:04:14] [INFO] User confirmed installation of 7 packages
[2025-09-11 19:04:14] [INFO] Using AUR helper: paru
[2025-09-11 19:04:14] [INFO] Installing multiple packages...
[2025-09-11 19:04:16] [ERROR] Package tor-browseralacrittyalacritty not found in pacman or AUR
[2025-09-11 19:04:16] [ERROR] Unknown package source: pacman
pacman
[2025-09-11 19:04:17] [ERROR] Unknown package source: pacman
pacman
[2025-09-11 19:04:19] [ERROR] Package konsolefirefox not found in pacman or AUR
[2025-09-11 19:04:19] [ERROR] Unknown package source: pacman
pacman
[2025-09-11 19:04:21] [ERROR] Unknown package source: aur
aur
[2025-09-11 19:04:23] [ERROR] Package tor-browser not found in pacman or AUR
[2025-09-11 19:07:25] [INFO] Initializing configuration...
[2025-09-11 19:07:25] [INFO] Using default configuration
[2025-09-11 19:07:25] [INFO] Validating environment...
[2025-09-11 19:07:25] [INFO] Environment validation successful
[2025-09-11 19:07:25] [INFO] Configuration initialized successfully
[2025-09-11 19:07:25] [INFO] Initializing configuration...
[2025-09-11 19:07:25] [INFO] Using default configuration
[2025-09-11 19:07:25] [INFO] Validating environment...
[2025-09-11 19:07:25] [INFO] Environment validation successful
[2025-09-11 19:07:25] [INFO] Configuration initialized successfully
[2025-09-11 19:07:25] [INFO] Executing profile: power
[2025-09-11 19:07:25] [INFO] Starting Power User Profile
[2025-09-11 19:07:25] [INFO] Loading package metadata from /home/coffee/linux-helper-script-main/linux-helper-script/data/metadata/packages.yaml
[2025-09-11 19:07:25] [INFO] Package metadata loaded successfully
[2025-09-11 19:08:04] [INFO] Initializing configuration...
[2025-09-11 19:08:04] [INFO] Using default configuration
[2025-09-11 19:08:04] [INFO] Validating environment...
[2025-09-11 19:08:04] [INFO] Environment validation successful
[2025-09-11 19:08:04] [INFO] Configuration initialized successfully
[2025-09-11 19:08:05] [INFO] Initializing configuration...
[2025-09-11 19:08:06] [INFO] Using default configuration
[2025-09-11 19:08:06] [INFO] Validating environment...
[2025-09-11 19:08:06] [INFO] Environment validation successful
[2025-09-11 19:08:06] [INFO] Configuration initialized successfully
[2025-09-11 19:08:06] [INFO] Executing profile: power
[2025-09-11 19:08:06] [INFO] Starting Power User Profile
[2025-09-11 19:08:06] [INFO] Loading package metadata from /home/coffee/linux-helper-script-main/linux-helper-script/data/metadata/packages.yaml
[2025-09-11 19:08:06] [INFO] Package metadata loaded successfully
[2025-09-11 19:08:13] [INFO] Updated selections for category browsers: 4 packages selected
[2025-09-11 19:08:20] [INFO] Updated selections for category browsers: 2 packages selected
[2025-09-11 19:08:31] [INFO] Updated selections for category terminals: 12 packages selected
[2025-09-11 19:08:34] [INFO] User confirmed installation of 13 packages
[2025-09-11 19:08:34] [INFO] Using AUR helper: paru
[2025-09-11 19:08:34] [INFO] Installing multiple packages...
[2025-09-11 19:08:34] [ERROR] Unknown package source: pacman
pacman
[2025-09-11 19:08:36] [ERROR] Package chromiumalacritty not found in pacman or AUR
[2025-09-11 19:08:37] [ERROR] Unknown package source: pacman
pacman
[2025-09-11 19:08:37] [ERROR] Unknown package source: pacman
pacman
[2025-09-11 19:08:38] [ERROR] Unknown package source: pacman
pacman
[2025-09-11 19:08:38] [ERROR] Unknown package source: pacman
pacman
[2025-09-11 19:08:39] [ERROR] Unknown package source: pacman
pacman
[2025-09-11 19:08:39] [ERROR] Unknown package source: pacman
pacman
[2025-09-11 19:08:39] [ERROR] Unknown package source: pacman
pacman
[2025-09-11 19:08:40] [ERROR] Unknown package source: pacman
pacman
[2025-09-11 19:08:40] [ERROR] Unknown package source: pacman
pacman
[2025-09-11 19:08:41] [ERROR] Unknown package source: pacman
pacman
[2025-09-11 19:08:41] [ERROR] Unknown package source: pacman
pacman
